1995: 7.0392921070839725
1996: 7.014161873253198
1997: 7.0134644743424
1998: 7.023663570555855
1999: 6.999512544217881
2000: 6.98678954786834
2001: 6.9925937111420335
2002: 7.00693126347166
2003: 6.9997452406872105
2004: 6.972776768709817
2005: 6.998022597143704