Error: start year must be less than or equal to end year!